// Jest Snapshot v1, https://goo.gl/fbAQLP

exports[`Submit should render correctly 1`] = `
<div>
  <button
    aria-label="Reset"
    className="buttons p-button p-component"
    data-pc-name="button"
    data-pc-section="root"
    disabled={false}
    onClick={[Function]}
  >
    <span
      className="p-button-label p-c"
      data-pc-section="label"
    >
      Reset
    </span>
  </button>
  <button
    aria-label="Submit"
    className="buttons p-button p-component"
    data-pc-name="button"
    data-pc-section="root"
    disabled={false}
    onClick={[Function]}
  >
    <span
      className="p-button-label p-c"
      data-pc-section="label"
    >
      Submit
    </span>
  </button>
</div>
`;
