// Jest Snapshot v1, https://goo.gl/fbAQLP

exports[`App should render correctly 1`] = `
<div
  className="full-container"
>
  <div
    className="p-tabview p-component"
    data-pc-name="tabview"
    data-pc-section="root"
    id={null}
    style={Object {}}
  >
    <div
      className="p-tabview-nav-container"
      data-pc-section="navcontainer"
    >
      <div
        className="p-tabview-nav-content"
        data-pc-section="navcontent"
        id="null_navcontent"
        onScroll={[Function]}
        style={Object {}}
      >
        <ul
          className="p-tabview-nav"
          data-pc-section="nav"
          role="tablist"
        >
          <li
            className="p-unselectable-text p-tabview-selected p-highlight"
            data-pc-name=""
            data-pc-section="header"
            role="presentation"
            style={Object {}}
          >
            <a
              aria-controls="0_content"
              aria-disabled={false}
              aria-selected={true}
              className="p-tabview-nav-link"
              data-pc-section="headeraction"
              id="null_header_0"
              onClick={[Function]}
              onKeyDown={[Function]}
              role="tab"
              tabIndex={0}
            >
              <span
                className="p-tabview-title"
                data-pc-section="headertitle"
              />
            </a>
          </li>
          <li
            aria-hidden="true"
            className="p-tabview-ink-bar"
            data-pc-section="inkbar"
            role="presentation"
          />
        </ul>
      </div>
    </div>
    <div
      className="p-tabview-panels"
      data-pc-section="panelcontainer"
      style={Object {}}
    >
      <div
        aria-labelledby="null_header_0"
        className="p-tabview-panel"
        data-pc-name=""
        data-pc-section="content"
        id="0_content"
        role="tabpanel"
        style={Object {}}
      >
        <div>
          <button
            aria-label="Reset"
            className="buttons p-button p-component"
            data-pc-name="button"
            data-pc-section="root"
            disabled={false}
            onClick={[Function]}
          >
            <span
              className="p-button-label p-c"
              data-pc-section="label"
            >
              Reset
            </span>
          </button>
          <button
            aria-label="Submit"
            className="buttons p-button p-component"
            data-pc-name="button"
            data-pc-section="root"
            disabled={false}
            onClick={[Function]}
          >
            <span
              className="p-button-label p-c"
              data-pc-section="label"
            >
              Submit
            </span>
          </button>
        </div>
      </div>
    </div>
  </div>
</div>
`;
