// Jest Snapshot v1, https://goo.gl/fbAQLP

exports[`Data Request should render correctly 1`] = `
<div
  className="r"
>
  <div
    className="p-card p-component"
    data-pc-name="card"
    data-pc-section="root"
    id={null}
    style={Object {}}
  >
    <div
      className="p-card-body"
      data-pc-section="body"
    >
      <div
        className="p-card-title"
        data-pc-section="title"
      >
        Entity
      </div>
      <div
        className="p-card-content"
        data-pc-section="content"
      >
        <div
          className="entity p-selectbutton p-button-group p-component"
          data-pc-name="selectbutton"
          data-pc-section="root"
          id={null}
          name="entity"
          role="group"
          style={Object {}}
        >
          <div
            aria-disabled={false}
            aria-label="itm"
            aria-pressed={false}
            className="p-button p-component"
            data-pc-section="button"
            onBlur={[Function]}
            onClick={[Function]}
            onFocus={[Function]}
            onKeyDown={[Function]}
            role="button"
            tabIndex="0"
          >
            <span
              className="p-button-label p-c"
              data-pc-section="label"
            >
              itm
            </span>
          </div>
          <div
            aria-disabled={false}
            aria-label="advertix"
            aria-pressed={false}
            className="p-button p-component"
            data-pc-section="button"
            onBlur={[Function]}
            onClick={[Function]}
            onFocus={[Function]}
            onKeyDown={[Function]}
            role="button"
            tabIndex="-1"
          >
            <span
              className="p-button-label p-c"
              data-pc-section="label"
            >
              advertix
            </span>
          </div>
          <div
            aria-disabled={false}
            aria-label="adsglory1"
            aria-pressed={false}
            className="p-button p-component"
            data-pc-section="button"
            onBlur={[Function]}
            onClick={[Function]}
            onFocus={[Function]}
            onKeyDown={[Function]}
            role="button"
            tabIndex="-1"
          >
            <span
              className="p-button-label p-c"
              data-pc-section="label"
            >
              adsglory1
            </span>
          </div>
          <div
            aria-disabled={false}
            aria-label="adsglory3"
            aria-pressed={false}
            className="p-button p-component"
            data-pc-section="button"
            onBlur={[Function]}
            onClick={[Function]}
            onFocus={[Function]}
            onKeyDown={[Function]}
            role="button"
            tabIndex="-1"
          >
            <span
              className="p-button-label p-c"
              data-pc-section="label"
            >
              adsglory3
            </span>
          </div>
          <div
            aria-disabled={false}
            aria-label="wikileads"
            aria-pressed={false}
            className="p-button p-component"
            data-pc-section="button"
            onBlur={[Function]}
            onClick={[Function]}
            onFocus={[Function]}
            onKeyDown={[Function]}
            role="button"
            tabIndex="-1"
          >
            <span
              className="p-button-label p-c"
              data-pc-section="label"
            >
              wikileads
            </span>
          </div>
          <div
            aria-disabled={false}
            aria-label="avalon"
            aria-pressed={false}
            className="p-button p-component"
            data-pc-section="button"
            onBlur={[Function]}
            onClick={[Function]}
            onFocus={[Function]}
            onKeyDown={[Function]}
            role="button"
            tabIndex="-1"
          >
            <span
              className="p-button-label p-c"
              data-pc-section="label"
            >
              avalon
            </span>
          </div>
          <div
            aria-disabled={false}
            aria-label="ilead"
            aria-pressed={false}
            className="p-button p-component"
            data-pc-section="button"
            onBlur={[Function]}
            onClick={[Function]}
            onFocus={[Function]}
            onKeyDown={[Function]}
            role="button"
            tabIndex="-1"
          >
            <span
              className="p-button-label p-c"
              data-pc-section="label"
            >
              ilead
            </span>
          </div>
        </div>
      </div>
    </div>
  </div>
  <div
    className="p-card p-component"
    data-pc-name="card"
    data-pc-section="root"
    id={null}
    style={Object {}}
  >
    <div
      className="p-card-body"
      data-pc-section="body"
    >
      <div
        className="p-card-title"
        data-pc-section="title"
      >
        Country
      </div>
      <div
        className="p-card-content"
        data-pc-section="content"
      >
        <div
          className="card flex justify-content-center"
        >
          <div
            className="countries p-selectbutton p-button-group p-component"
            data-pc-name="selectbutton"
            data-pc-section="root"
            id={null}
            name="country"
            role="group"
            style={Object {}}
          >
            <div
              aria-disabled={false}
              aria-label="EUROPE"
              aria-pressed={false}
              className="p-button p-component"
              data-pc-section="button"
              onBlur={[Function]}
              onClick={[Function]}
              onFocus={[Function]}
              onKeyDown={[Function]}
              role="button"
              tabIndex="0"
            >
              <span
                className="p-button-label p-c"
                data-pc-section="label"
              >
                EUROPE
              </span>
            </div>
            <div
              aria-disabled={false}
              aria-label="US"
              aria-pressed={false}
              className="p-button p-component"
              data-pc-section="button"
              onBlur={[Function]}
              onClick={[Function]}
              onFocus={[Function]}
              onKeyDown={[Function]}
              role="button"
              tabIndex="-1"
            >
              <span
                className="p-button-label p-c"
                data-pc-section="label"
              >
                US
              </span>
            </div>
            <div
              aria-disabled={false}
              aria-label="UK"
              aria-pressed={false}
              className="p-button p-component"
              data-pc-section="button"
              onBlur={[Function]}
              onClick={[Function]}
              onFocus={[Function]}
              onKeyDown={[Function]}
              role="button"
              tabIndex="-1"
            >
              <span
                className="p-button-label p-c"
                data-pc-section="label"
              >
                UK
              </span>
            </div>
            <div
              aria-disabled={false}
              aria-label="ES"
              aria-pressed={false}
              className="p-button p-component"
              data-pc-section="button"
              onBlur={[Function]}
              onClick={[Function]}
              onFocus={[Function]}
              onKeyDown={[Function]}
              role="button"
              tabIndex="-1"
            >
              <span
                className="p-button-label p-c"
                data-pc-section="label"
              >
                ES
              </span>
            </div>
            <div
              aria-disabled={false}
              aria-label="NO"
              aria-pressed={false}
              className="p-button p-component"
              data-pc-section="button"
              onBlur={[Function]}
              onClick={[Function]}
              onFocus={[Function]}
              onKeyDown={[Function]}
              role="button"
              tabIndex="-1"
            >
              <span
                className="p-button-label p-c"
                data-pc-section="label"
              >
                NO
              </span>
            </div>
            <div
              aria-disabled={false}
              aria-label="FR"
              aria-pressed={false}
              className="p-button p-component"
              data-pc-section="button"
              onBlur={[Function]}
              onClick={[Function]}
              onFocus={[Function]}
              onKeyDown={[Function]}
              role="button"
              tabIndex="-1"
            >
              <span
                className="p-button-label p-c"
                data-pc-section="label"
              >
                FR
              </span>
            </div>
            <div
              aria-disabled={false}
              aria-label="NL"
              aria-pressed={false}
              className="p-button p-component"
              data-pc-section="button"
              onBlur={[Function]}
              onClick={[Function]}
              onFocus={[Function]}
              onKeyDown={[Function]}
              role="button"
              tabIndex="-1"
            >
              <span
                className="p-button-label p-c"
                data-pc-section="label"
              >
                NL
              </span>
            </div>
            <div
              aria-disabled={false}
              aria-label="DE"
              aria-pressed={false}
              className="p-button p-component"
              data-pc-section="button"
              onBlur={[Function]}
              onClick={[Function]}
              onFocus={[Function]}
              onKeyDown={[Function]}
              role="button"
              tabIndex="-1"
            >
              <span
                className="p-button-label p-c"
                data-pc-section="label"
              >
                DE
              </span>
            </div>
            <div
              aria-disabled={false}
              aria-label="AU"
              aria-pressed={false}
              className="p-button p-component"
              data-pc-section="button"
              onBlur={[Function]}
              onClick={[Function]}
              onFocus={[Function]}
              onKeyDown={[Function]}
              role="button"
              tabIndex="-1"
            >
              <span
                className="p-button-label p-c"
                data-pc-section="label"
              >
                AU
              </span>
            </div>
            <div
              aria-disabled={false}
              aria-label="CA"
              aria-pressed={false}
              className="p-button p-component"
              data-pc-section="button"
              onBlur={[Function]}
              onClick={[Function]}
              onFocus={[Function]}
              onKeyDown={[Function]}
              role="button"
              tabIndex="-1"
            >
              <span
                className="p-button-label p-c"
                data-pc-section="label"
              >
                CA
              </span>
            </div>
            <div
              aria-disabled={false}
              aria-label="BE"
              aria-pressed={false}
              className="p-button p-component"
              data-pc-section="button"
              onBlur={[Function]}
              onClick={[Function]}
              onFocus={[Function]}
              onKeyDown={[Function]}
              role="button"
              tabIndex="-1"
            >
              <span
                className="p-button-label p-c"
                data-pc-section="label"
              >
                BE
              </span>
            </div>
            <div
              aria-disabled={false}
              aria-label="PL"
              aria-pressed={false}
              className="p-button p-component"
              data-pc-section="button"
              onBlur={[Function]}
              onClick={[Function]}
              onFocus={[Function]}
              onKeyDown={[Function]}
              role="button"
              tabIndex="-1"
            >
              <span
                className="p-button-label p-c"
                data-pc-section="label"
              >
                PL
              </span>
            </div>
            <div
              aria-disabled={false}
              aria-label="SE"
              aria-pressed={false}
              className="p-button p-component"
              data-pc-section="button"
              onBlur={[Function]}
              onClick={[Function]}
              onFocus={[Function]}
              onKeyDown={[Function]}
              role="button"
              tabIndex="-1"
            >
              <span
                className="p-button-label p-c"
                data-pc-section="label"
              >
                SE
              </span>
            </div>
            <div
              aria-disabled={false}
              aria-label="BR"
              aria-pressed={false}
              className="p-button p-component"
              data-pc-section="button"
              onBlur={[Function]}
              onClick={[Function]}
              onFocus={[Function]}
              onKeyDown={[Function]}
              role="button"
              tabIndex="-1"
            >
              <span
                className="p-button-label p-c"
                data-pc-section="label"
              >
                BR
              </span>
            </div>
            <div
              aria-disabled={false}
              aria-label="NZ"
              aria-pressed={false}
              className="p-button p-component"
              data-pc-section="button"
              onBlur={[Function]}
              onClick={[Function]}
              onFocus={[Function]}
              onKeyDown={[Function]}
              role="button"
              tabIndex="-1"
            >
              <span
                className="p-button-label p-c"
                data-pc-section="label"
              >
                NZ
              </span>
            </div>
            <div
              aria-disabled={false}
              aria-label="DK"
              aria-pressed={false}
              className="p-button p-component"
              data-pc-section="button"
              onBlur={[Function]}
              onClick={[Function]}
              onFocus={[Function]}
              onKeyDown={[Function]}
              role="button"
              tabIndex="-1"
            >
              <span
                className="p-button-label p-c"
                data-pc-section="label"
              >
                DK
              </span>
            </div>
            <div
              aria-disabled={false}
              aria-label="FI"
              aria-pressed={false}
              className="p-button p-component"
              data-pc-section="button"
              onBlur={[Function]}
              onClick={[Function]}
              onFocus={[Function]}
              onKeyDown={[Function]}
              role="button"
              tabIndex="-1"
            >
              <span
                className="p-button-label p-c"
                data-pc-section="label"
              >
                FI
              </span>
            </div>
          </div>
        </div>
        <div
          className="select-group"
        >
          <div
            className="select css-b62m3t-container"
            onKeyDown={[Function]}
          >
            <span
              className="css-1f43avz-a11yText-A11yText"
              id="react-select-16-live-region"
            />
            <span
              aria-atomic="false"
              aria-live="polite"
              aria-relevant="additions text"
              className="css-1f43avz-a11yText-A11yText"
              role="log"
            />
            <div
              className="select__control css-13cymwt-control"
              onMouseDown={[Function]}
              onTouchEnd={[Function]}
            >
              <div
                className="select__value-container select__value-container--is-multi css-hlgwow"
              >
                <div
                  className="select__placeholder css-1jqq78o-placeholder"
                  id="react-select-16-placeholder"
                >
                  Select Another Country
                </div>
                <div
                  className="select__input-container css-19bb58m"
                  data-value=""
                >
                  <input
                    aria-activedescendant=""
                    aria-autocomplete="list"
                    aria-describedby="react-select-16-placeholder"
                    aria-expanded={false}
                    aria-haspopup={true}
                    autoCapitalize="none"
                    autoComplete="off"
                    autoCorrect="off"
                    className="select__input"
                    disabled={false}
                    id="react-select-16-input"
                    onBlur={[Function]}
                    onChange={[Function]}
                    onFocus={[Function]}
                    role="combobox"
                    spellCheck="false"
                    style={
                      Object {
                        "background": 0,
                        "border": 0,
                        "color": "inherit",
                        "font": "inherit",
                        "gridArea": "1 / 2",
                        "label": "input",
                        "margin": 0,
                        "minWidth": "2px",
                        "opacity": 1,
                        "outline": 0,
                        "padding": 0,
                        "width": "100%",
                      }
                    }
                    tabIndex={0}
                    type="text"
                    value=""
                  />
                </div>
              </div>
              <div
                className="select__indicators css-1wy0on6"
              >
                <span
                  className="select__indicator-separator css-1u9des2-indicatorSeparator"
                />
                <div
                  aria-hidden="true"
                  className="select__indicator select__dropdown-indicator css-1xc3v61-indicatorContainer"
                  onMouseDown={[Function]}
                  onTouchEnd={[Function]}
                >
                  <svg
                    aria-hidden="true"
                    className="css-tj5bde-Svg"
                    focusable="false"
                    height={20}
                    viewBox="0 0 20 20"
                    width={20}
                  >
                    <path
                      d="M4.516 7.548c0.436-0.446 1.043-0.481 1.576 0l3.908 3.747 3.908-3.747c0.533-0.481 1.141-0.446 1.574 0 0.436 0.445 0.408 1.197 0 1.615-0.406 0.418-4.695 4.502-4.695 4.502-0.217 0.223-0.502 0.335-0.787 0.335s-0.57-0.112-0.789-0.335c0 0-4.287-4.084-4.695-4.502s-0.436-1.17 0-1.615z"
                    />
                  </svg>
                </div>
              </div>
            </div>
            <div>
              <input
                name="country2"
                type="hidden"
                value=""
              />
            </div>
          </div>
        </div>
      </div>
    </div>
  </div>
  <div
    className="cards"
  >
    <div
      className="p-card p-component"
      data-pc-name="card"
      data-pc-section="root"
      id={null}
      style={Object {}}
    >
      <div
        className="p-card-body"
        data-pc-section="body"
      >
        <div
          className="p-card-content"
          data-pc-section="content"
        >
          <div
            className="label-inline"
            id="isp-label"
          >
            ISP
          </div>
          <div
            className="select css-b62m3t-container"
            id="isp-select"
            onKeyDown={[Function]}
          >
            <span
              className="css-1f43avz-a11yText-A11yText"
              id="react-select-17-live-region"
            />
            <span
              aria-atomic="false"
              aria-live="polite"
              aria-relevant="additions text"
              className="css-1f43avz-a11yText-A11yText"
              role="log"
            />
            <div
              className="select__control css-13cymwt-control"
              onMouseDown={[Function]}
              onTouchEnd={[Function]}
            >
              <div
                className="select__value-container select__value-container--is-multi css-hlgwow"
              >
                <div
                  className="select__placeholder css-1jqq78o-placeholder"
                  id="react-select-17-placeholder"
                >
                  Select ISP
                </div>
                <div
                  className="select__input-container css-19bb58m"
                  data-value=""
                >
                  <input
                    aria-activedescendant=""
                    aria-autocomplete="list"
                    aria-describedby="react-select-17-placeholder"
                    aria-expanded={false}
                    aria-haspopup={true}
                    autoCapitalize="none"
                    autoComplete="off"
                    autoCorrect="off"
                    className="select__input"
                    disabled={false}
                    id="react-select-17-input"
                    onBlur={[Function]}
                    onChange={[Function]}
                    onFocus={[Function]}
                    role="combobox"
                    spellCheck="false"
                    style={
                      Object {
                        "background": 0,
                        "border": 0,
                        "color": "inherit",
                        "font": "inherit",
                        "gridArea": "1 / 2",
                        "label": "input",
                        "margin": 0,
                        "minWidth": "2px",
                        "opacity": 1,
                        "outline": 0,
                        "padding": 0,
                        "width": "100%",
                      }
                    }
                    tabIndex={0}
                    type="text"
                    value=""
                  />
                </div>
              </div>
              <div
                className="select__indicators css-1wy0on6"
              >
                <span
                  className="select__indicator-separator css-1u9des2-indicatorSeparator"
                />
                <div
                  aria-hidden="true"
                  className="select__indicator select__dropdown-indicator css-1xc3v61-indicatorContainer"
                  onMouseDown={[Function]}
                  onTouchEnd={[Function]}
                >
                  <svg
                    aria-hidden="true"
                    className="css-tj5bde-Svg"
                    focusable="false"
                    height={20}
                    viewBox="0 0 20 20"
                    width={20}
                  >
                    <path
                      d="M4.516 7.548c0.436-0.446 1.043-0.481 1.576 0l3.908 3.747 3.908-3.747c0.533-0.481 1.141-0.446 1.574 0 0.436 0.445 0.408 1.197 0 1.615-0.406 0.418-4.695 4.502-4.695 4.502-0.217 0.223-0.502 0.335-0.787 0.335s-0.57-0.112-0.789-0.335c0 0-4.287-4.084-4.695-4.502s-0.436-1.17 0-1.615z"
                    />
                  </svg>
                </div>
              </div>
            </div>
            <div>
              <input
                name="isp"
                type="hidden"
                value=""
              />
            </div>
          </div>
          <div
            className="label-inline "
            id="domain-label"
          >
            Domain
          </div>
          <input
            className="input p-inputtext p-component"
            data-pc-name="inputtext"
            data-pc-section="root"
            id="domain-input"
            name="domain"
            onBeforeInput={[Function]}
            onChange={[Function]}
            onInput={[Function]}
            onKeyDown={[Function]}
            onPaste={[Function]}
            placeholder="Input Domain"
            value=""
          />
          <div
            className="label"
            id="dashboard-name-label"
          >
            Dashboard Name
          </div>
          <input
            className="input p-inputtext p-component"
            data-pc-name="inputtext"
            data-pc-section="root"
            id="dashboard-name-input"
            name="dashboardName"
            onBeforeInput={[Function]}
            onChange={[Function]}
            onInput={[Function]}
            onKeyDown={[Function]}
            onPaste={[Function]}
            placeholder="Input Dashboard Name"
            value=""
          />
        </div>
      </div>
    </div>
    <div
      className="p-card p-component"
      data-pc-name="card"
      data-pc-section="root"
      id={null}
      style={Object {}}
    >
      <div
        className="p-card-body"
        data-pc-section="body"
      >
        <div
          className="p-card-content"
          data-pc-section="content"
        >
          <div
            className="switch"
          >
            <div
              className="switch-label"
              id="isAmazon"
            >
              Is_Amazon
            </div>
            <div
              aria-checked={false}
              className="switch-input p-inputswitch p-component"
              data-p-disabled={false}
              data-p-highlight={false}
              data-pc-name="inputswitch"
              data-pc-section="root"
              id={null}
              role="checkbox"
              style={Object {}}
            >
              <input
                aria-checked={false}
                checked={false}
                className="p-inputswitch-input"
                data-pc-section="input"
                disabled={false}
                id={null}
                name="isAmazon"
                onBlur={[Function]}
                onChange={[Function]}
                onFocus={[Function]}
                role="switch"
                tabIndex={null}
                type="checkbox"
              />
              <span
                className="p-inputswitch-slider"
                data-pc-section="slider"
              />
            </div>
          </div>
          <div
            className="switch"
          >
            <div
              className="switch-label"
              id="isPaypal"
            >
              Is_Paypal
            </div>
            <div
              aria-checked={false}
              className="switch-input p-inputswitch p-component"
              data-p-disabled={false}
              data-p-highlight={false}
              data-pc-name="inputswitch"
              data-pc-section="root"
              id={null}
              role="checkbox"
              style={Object {}}
            >
              <input
                aria-checked={false}
                checked={false}
                className="p-inputswitch-input"
                data-pc-section="input"
                disabled={false}
                id={null}
                name="isPaypal"
                onBlur={[Function]}
                onChange={[Function]}
                onFocus={[Function]}
                role="switch"
                tabIndex={null}
                type="checkbox"
              />
              <span
                className="p-inputswitch-slider"
                data-pc-section="slider"
              />
            </div>
          </div>
          <div
            className="switch"
          >
            <div
              className="switch-label"
              id="isFedex"
            >
              Is_Fedex
            </div>
            <div
              aria-checked={false}
              className="switch-input p-inputswitch p-component"
              data-p-disabled={false}
              data-p-highlight={false}
              data-pc-name="inputswitch"
              data-pc-section="root"
              id={null}
              role="checkbox"
              style={Object {}}
            >
              <input
                aria-checked={false}
                checked={false}
                className="p-inputswitch-input"
                data-pc-section="input"
                disabled={false}
                id={null}
                name="isFedex"
                onBlur={[Function]}
                onChange={[Function]}
                onFocus={[Function]}
                role="switch"
                tabIndex={null}
                type="checkbox"
              />
              <span
                className="p-inputswitch-slider"
                data-pc-section="slider"
              />
            </div>
          </div>
          <div
            className="switch"
          >
            <div
              className="switch-label"
              id="isInsurance"
            >
              Is_Insurance
            </div>
            <div
              aria-checked={false}
              className="switch-input p-inputswitch p-component"
              data-p-disabled={false}
              data-p-highlight={false}
              data-pc-name="inputswitch"
              data-pc-section="root"
              id={null}
              role="checkbox"
              style={Object {}}
            >
              <input
                aria-checked={false}
                checked={false}
                className="p-inputswitch-input"
                data-pc-section="input"
                disabled={false}
                id={null}
                name="isInsurance"
                onBlur={[Function]}
                onChange={[Function]}
                onFocus={[Function]}
                role="switch"
                tabIndex={null}
                type="checkbox"
              />
              <span
                className="p-inputswitch-slider"
                data-pc-section="slider"
              />
            </div>
          </div>
          <div
            className="switch"
          >
            <div
              className="switch-label"
              id="isHardbounce"
            >
              Is_Hardbounce
            </div>
            <div
              aria-checked={false}
              className="switch-input p-inputswitch p-component"
              data-p-disabled={false}
              data-p-highlight={false}
              data-pc-name="inputswitch"
              data-pc-section="root"
              id={null}
              role="checkbox"
              style={Object {}}
            >
              <input
                aria-checked={false}
                checked={false}
                className="p-inputswitch-input"
                data-pc-section="input"
                disabled={false}
                id={null}
                name="isHardbounce"
                onBlur={[Function]}
                onChange={[Function]}
                onFocus={[Function]}
                role="switch"
                tabIndex={null}
                type="checkbox"
              />
              <span
                className="p-inputswitch-slider"
                data-pc-section="slider"
              />
            </div>
          </div>
        </div>
      </div>
    </div>
  </div>
</div>
`;
